[2026-02-05--22-32-31 INFO actix_server::builder] starting 5 workers
[2026-02-05--22-32-31 INFO actix_server::server] Tokio runtime found; starting in existing Tokio runtime
[2026-02-05--22-32-31 INFO actix_server::server] starting service: "actix-web-service-127.0.0.1:18488", workers: 5, listening on: 127.0.0.1:18488
[2026-02-05--22-32-31 INFO parity_ws] Listening for new connections on 127.0.0.1:8900.
[2026-02-05--22-32-37 INFO txtx::svm::deploy_program] [Recovery Instructions] - An ephemeral authority account will be created and funded to write to the buffer account.
[2026-02-05--22-32-37 INFO txtx::svm::deploy_program] [Recovery Instructions] - Please save the following information in case the deployment fails and the account needs to be recovered:
[2026-02-05--22-32-37 INFO txtx::svm::deploy_program] [Recovery Instructions] - Ephemeral authority public key: BkLL5Tn1kDZsEiDaUGoVLLDMwDarNZj3bdufN3uZQNP
[2026-02-05--22-32-37 INFO txtx::svm::deploy_program] [Recovery Instructions] - Ephemeral authority secret key: [53, 218, 226, 0, 236, 211, 52, 171, 236, 6, 242, 70, 137, 82, 190, 52, 122, 46, 110, 54, 241, 84, 197, 116, 210, 80, 119, 163, 32, 251, 87, 31, 2, 192, 206, 31, 4, 48, 246, 237, 38, 147, 244, 81, 64, 113, 47, 11, 69, 219, 145, 236, 108, 82, 150, 6, 15, 238, 249, 109, 52, 183, 208, 212]
[2026-02-05--22-32-38 INFO txtx::svm::deploy_program] Account Created - Ephemeral authority account created and funded to write to buffer
[2026-02-05--22-32-38 INFO txtx::svm::deploy_program] [Recovery Instructions] - Creating program buffer account at pubkey 8bF6h7RtQM8AKMFjLDDVgzWzYkEGNaJmzEdAVAqNbf5r
[2026-02-05--22-32-39 INFO txtx::svm::deploy_program] Account Created - Program buffer account created
[2026-02-05--22-32-50 INFO txtx::svm::deploy_program] Buffer Ready - Writing to buffer account is complete
[2026-02-05--22-32-51 INFO txtx::svm::deploy_program] Program Created - Program 7PJ12LXmpziV2n5zYNv2T2qMeckeoWtHDsEzdYvU16pt has been deployed
[2026-02-05--22-32-52 INFO txtx::svm::deploy_program] Complete - Ephemeral authority account closed and leftover funds returned to payer
[2026-02-05--22-33-22 INFO parity_ws::io] Accepted a new tcp connection from 127.0.0.1:57516.
[2026-02-05--22-34-45 INFO actix_server::worker] shutting down idle worker
[2026-02-05--22-34-45 INFO actix_server::worker] shutting down idle worker
[2026-02-05--22-34-45 INFO actix_server::worker] shutting down idle worker
[2026-02-05--22-34-45 INFO actix_server::worker] shutting down idle worker
[2026-02-05--22-34-45 INFO actix_server::accept] accept thread stopped
[2026-02-05--22-34-45 INFO actix_server::worker] shutting down idle worker
